
> client@0.1.0 build
> next build

▲ Next.js 16.2.2 (Turbopack)
- Environments: .env.local

  Creating an optimized production build ...

> Build error occurred
Error: Turbopack build failed with 8 errors:
./src/app/dashboard/cheatsheet/page.tsx:49:27
Module not found: Can't resolve 'jspdf'
  [90m47 |[0m
  [90m48 |[0m [36masync[0m [36mfunction[0m downloadMarkdownAsPdf(markdown: string, fileName: strin...
[31m[1m>[0m [90m49 |[0m   [36mconst[0m { jsPDF } = [36mawait[0m [36mimport[0m([32m"jspdf"[0m);
  [90m   |[0m                           [31m[1m^^^^^^^^^^^^^^^[0m
  [90m50 |[0m   [36mconst[0m doc = [36mnew[0m jsPDF({ unit: [32m"pt"[0m, format: [32m"a4"[0m });
  [90m51 |[0m
  [90m52 |[0m   [36mconst[0m marginX = [35m48[0m;



Import traces:
  Client Component Browser:
    ./src/app/dashboard/cheatsheet/page.tsx [Client Component Browser]
    ./src/app/dashboard/cheatsheet/page.tsx [Server Component]

  Client Component SSR:
    ./src/app/dashboard/cheatsheet/page.tsx [Client Component SSR]
    ./src/app/dashboard/cheatsheet/page.tsx [Server Component]

https://nextjs.org/docs/messages/module-not-found


./src/app/dashboard/story/page.tsx:44:27
Module not found: Can't resolve 'jspdf'
  [90m42 |[0m
  [90m43 |[0m [36masync[0m [36mfunction[0m downloadMarkdownAsPdf(markdown: string, fileName: strin...
[31m[1m>[0m [90m44 |[0m   [36mconst[0m { jsPDF } = [36mawait[0m [36mimport[0m([32m"jspdf"[0m);
  [90m   |[0m                           [31m[1m^^^^^^^^^^^^^^^[0m
  [90m45 |[0m   [36mconst[0m doc = [36mnew[0m jsPDF({ unit: [32m"pt"[0m, format: [32m"a4"[0m });
  [90m46 |[0m
  [90m47 |[0m   [36mconst[0m marginX = [35m48[0m;



Import traces:
  Client Component Browser:
    ./src/app/dashboard/story/page.tsx [Client Component Browser]
    ./src/app/dashboard/story/page.tsx [Server Component]

  Client Component SSR:
    ./src/app/dashboard/story/page.tsx [Client Component SSR]
    ./src/app/dashboard/story/page.tsx [Server Component]

https://nextjs.org/docs/messages/module-not-found


./src/components/SlideViewer.tsx:7:1
Module not found: Can't resolve 'katex/dist/katex.min.css'
  [90m 5 |[0m [36mimport[0m rehypeKatex [36mfrom[0m [32m"rehype-katex"[0m;
  [90m 6 |[0m [36mimport[0m mermaid [36mfrom[0m [32m"mermaid"[0m;
[31m[1m>[0m [90m 7 |[0m [36mimport[0m [32m"katex/dist/katex.min.css"[0m;
  [90m   |[0m [31m[1m^^^^^^^^^^^^^^^^^^^^^^^^^^^^^^^^^^[0m
  [90m 8 |[0m
  [90m 9 |[0m [90m// ── Common Styling ──────────────────────────────────────────────[0m
  [90m10 |[0m



Import traces:
  Client Component Browser:
    ./src/components/SlideViewer.tsx [Client Component Browser]
    ./src/app/dashboard/course/[taskId]/page.tsx [Client Component Browser]
    ./src/app/dashboard/course/[taskId]/page.tsx [Server Component]

  Client Component SSR:
    ./src/components/SlideViewer.tsx [Client Component SSR]
    ./src/app/dashboard/course/[taskId]/page.tsx [Client Component SSR]
    ./src/app/dashboard/course/[taskId]/page.tsx [Server Component]

https://nextjs.org/docs/messages/module-not-found


./src/components/SlideViewer.tsx:6:1
Module not found: Can't resolve 'mermaid'
  [90m4 |[0m [36mimport[0m remarkMath [36mfrom[0m [32m"remark-math"[0m;
  [90m5 |[0m [36mimport[0m rehypeKatex [36mfrom[0m [32m"rehype-katex"[0m;
[31m[1m>[0m [90m6 |[0m [36mimport[0m mermaid [36mfrom[0m [32m"mermaid"[0m;
  [90m  |[0m [31m[1m^^^^^^^^^^^^^^^^^^^^^^^^^^^^^^[0m
  [90m7 |[0m [36mimport[0m [32m"katex/dist/katex.min.css"[0m;
  [90m8 |[0m
  [90m9 |[0m [90m// ── Common Styling ────────────────[0m──────────────────────────────



Import traces:
  Client Component Browser:
    ./src/components/SlideViewer.tsx [Client Component Browser]
    ./src/app/dashboard/course/[taskId]/page.tsx [Client Component Browser]
    ./src/app/dashboard/course/[taskId]/page.tsx [Server Component]

  Client Component SSR:
    ./src/components/SlideViewer.tsx [Client Component SSR]
    ./src/app/dashboard/course/[taskId]/page.tsx [Client Component SSR]
    ./src/app/dashboard/course/[taskId]/page.tsx [Server Component]

https://nextjs.org/docs/messages/module-not-found


./src/components/SlideViewer.tsx:2:1
Module not found: Can't resolve 'react-markdown'
  [90m1 |[0m [36mimport[0m [33mReact[0m, { useEffect, useRef } [36mfrom[0m [32m"react"[0m;
[31m[1m>[0m [90m2 |[0m [36mimport[0m [33mReactMarkdown[0m [36mfrom[0m [32m"react-markdown"[0m;
  [90m  |[0m [31m[1m^^^^^^^^^^^^^^^^^^^^^^^^^^^^^^^^^^^^^^^^^^^[0m
  [90m3 |[0m [36mimport[0m remarkGfm [36mfrom[0m [32m"remark-gfm"[0m;
  [90m4 |[0m [36mimport[0m remarkMath [36mfrom[0m [32m"remark-math"[0m;
  [90m5 |[0m [36mimport[0m rehypeKatex [36mfrom[0m [32m"rehype-katex"[0m;



Import traces:
  Client Component Browser:
    ./src/components/SlideViewer.tsx [Client Component Browser]
    ./src/app/dashboard/course/[taskId]/page.tsx [Client Component Browser]
    ./src/app/dashboard/course/[taskId]/page.tsx [Server Component]

  Client Component SSR:
    ./src/components/SlideViewer.tsx [Client Component SSR]
    ./src/app/dashboard/course/[taskId]/page.tsx [Client Component SSR]
    ./src/app/dashboard/course/[taskId]/page.tsx [Server Component]

https://nextjs.org/docs/messages/module-not-found


./src/components/SlideViewer.tsx:5:1
Module not found: Can't resolve 'rehype-katex'
  [90m3 |[0m [36mimport[0m remarkGfm [36mfrom[0m [32m"remark-gfm"[0m;
  [90m4 |[0m [36mimport[0m remarkMath [36mfrom[0m [32m"remark-math"[0m;
[31m[1m>[0m [90m5 |[0m [36mimport[0m rehypeKatex [36mfrom[0m [32m"rehype-katex"[0m;
  [90m  |[0m [31m[1m^^^^^^^^^^^^^^^^^^^^^^^^^^^^^^^^^^^^^^^[0m
  [90m6 |[0m [36mimport[0m mermaid [36mfrom[0m [32m"mermaid"[0m;
  [90m7 |[0m [36mimport[0m [32m"katex/dist/katex.min.css"[0m;
  [90m8 |[0m



Import traces:
  Client Component Browser:
    ./src/components/SlideViewer.tsx [Client Component Browser]
    ./src/app/dashboard/course/[taskId]/page.tsx [Client Component Browser]
    ./src/app/dashboard/course/[taskId]/page.tsx [Server Component]

  Client Component SSR:
    ./src/components/SlideViewer.tsx [Client Component SSR]
    ./src/app/dashboard/course/[taskId]/page.tsx [Client Component SSR]
    ./src/app/dashboard/course/[taskId]/page.tsx [Server Component]

https://nextjs.org/docs/messages/module-not-found


./src/components/SlideViewer.tsx:3:1
Module not found: Can't resolve 'remark-gfm'
  [90m1 |[0m [36mimport[0m [33mReact[0m, { useEffect, useRef } [36mfrom[0m [32m"react"[0m;
  [90m2 |[0m [36mimport[0m [33mReactMarkdown[0m [36mfrom[0m [32m"react-markdown"[0m;
[31m[1m>[0m [90m3 |[0m [36mimport[0m remarkGfm [36mfrom[0m [32m"remark-gfm"[0m;
  [90m  |[0m [31m[1m^^^^^^^^^^^^^^^^^^^^^^^^^^^^^^^^^^^[0m
  [90m4 |[0m [36mimport[0m remarkMath [36mfrom[0m [32m"remark-math"[0m;
  [90m5 |[0m [36mimport[0m rehypeKatex [36mfrom[0m [32m"rehype-katex"[0m;
  [90m6 |[0m [36mimport[0m mermaid [36mfrom[0m [32m"mermaid"[0m;



Import traces:
  Client Component Browser:
    ./src/components/SlideViewer.tsx [Client Component Browser]
    ./src/app/dashboard/course/[taskId]/page.tsx [Client Component Browser]
    ./src/app/dashboard/course/[taskId]/page.tsx [Server Component]

  Client Component SSR:
    ./src/components/SlideViewer.tsx [Client Component SSR]
    ./src/app/dashboard/course/[taskId]/page.tsx [Client Component SSR]
    ./src/app/dashboard/course/[taskId]/page.tsx [Server Component]

https://nextjs.org/docs/messages/module-not-found


./src/components/SlideViewer.tsx:4:1
Module not found: Can't resolve 'remark-math'
  [90m2 |[0m [36mimport[0m [33mReactMarkdown[0m [36mfrom[0m [32m"react-markdown"[0m;
  [90m3 |[0m [36mimport[0m remarkGfm [36mfrom[0m [32m"remark-gfm"[0m;
[31m[1m>[0m [90m4 |[0m [36mimport[0m remarkMath [36mfrom[0m [32m"remark-math"[0m;
  [90m  |[0m [31m[1m^^^^^^^^^^^^^^^^^^^^^^^^^^^^^^^^^^^^^[0m
  [90m5 |[0m [36mimport[0m rehypeKatex [36mfrom[0m [32m"rehype-katex"[0m;
  [90m6 |[0m [36mimport[0m mermaid [36mfrom[0m [32m"mermaid"[0m;
  [90m7 |[0m [36mimport[0m [32m"katex/dist/katex.min.css"[0m;



Import traces:
  Client Component Browser:
    ./src/components/SlideViewer.tsx [Client Component Browser]
    ./src/app/dashboard/course/[taskId]/page.tsx [Client Component Browser]
    ./src/app/dashboard/course/[taskId]/page.tsx [Server Component]

  Client Component SSR:
    ./src/components/SlideViewer.tsx [Client Component SSR]
    ./src/app/dashboard/course/[taskId]/page.tsx [Client Component SSR]
    ./src/app/dashboard/course/[taskId]/page.tsx [Server Component]

https://nextjs.org/docs/messages/module-not-found


    at <unknown> (./src/app/dashboard/cheatsheet/page.tsx:49:27)
    at <unknown> (https://nextjs.org/docs/messages/module-not-found)
    at <unknown> (./src/app/dashboard/story/page.tsx:44:27)
    at <unknown> (https://nextjs.org/docs/messages/module-not-found)
    at <unknown> (./src/components/SlideViewer.tsx:7:1)
    at <unknown> (https://nextjs.org/docs/messages/module-not-found)
    at <unknown> (./src/components/SlideViewer.tsx:6:1)
    at <unknown> (https://nextjs.org/docs/messages/module-not-found)
    at <unknown> (./src/components/SlideViewer.tsx:2:1)
    at <unknown> (https://nextjs.org/docs/messages/module-not-found)
    at <unknown> (./src/components/SlideViewer.tsx:5:1)
    at <unknown> (https://nextjs.org/docs/messages/module-not-found)
    at <unknown> (./src/components/SlideViewer.tsx:3:1)
    at <unknown> (https://nextjs.org/docs/messages/module-not-found)
    at <unknown> (./src/components/SlideViewer.tsx:4:1)
    at <unknown> (https://nextjs.org/docs/messages/module-not-found)
